$ vite build && bun run prepack
[36mvite v7.3.1 [32mbuilding ssr environment for production...[36m[39m
transforming...
[32m✓[39m 139 modules transformed.
rendering chunks...
[36mvite v7.3.1 [32mbuilding client environment for production...[36m[39m
transforming...
[32m✓[39m 151 modules transformed.
rendering chunks...
computing gzip size...
[2m.svelte-kit/output/client/[22m[32m_app/version.json                       [39m[1m[2m 0.03 kB[22m[1m[22m[2m │ gzip:  0.05 kB[22m
[2m.svelte-kit/output/client/[22m[32m.vite/manifest.json                     [39m[1m[2m 2.72 kB[22m[1m[22m[2m │ gzip:  0.54 kB[22m
[2m.svelte-kit/output/client/[22m[36m_app/immutable/entry/start.BPqGZxim.js  [39m[1m[2m 0.08 kB[22m[1m[22m[2m │ gzip:  0.09 kB[22m
[2m.svelte-kit/output/client/[22m[36m_app/immutable/chunks/BtNzXIf-.js       [39m[1m[2m 0.32 kB[22m[1m[22m[2m │ gzip:  0.25 kB[22m
[2m.svelte-kit/output/client/[22m[36m_app/immutable/nodes/0.DrIDlGf-.js      [39m[1m[2m 0.33 kB[22m[1m[22m[2m │ gzip:  0.24 kB[22m
[2m.svelte-kit/output/client/[22m[36m_app/immutable/nodes/2.CRgZB8ed.js      [39m[1m[2m 0.40 kB[22m[1m[22m[2m │ gzip:  0.29 kB[22m
[2m.svelte-kit/output/client/[22m[36m_app/immutable/nodes/1.UkcJUTlR.js      [39m[1m[2m 1.00 kB[22m[1m[22m[2m │ gzip:  0.58 kB[22m
[2m.svelte-kit/output/client/[22m[36m_app/immutable/chunks/CqqIuIkR.js       [39m[1m[2m 1.23 kB[22m[1m[22m[2m │ gzip:  0.69 kB[22m
[2m.svelte-kit/output/client/[22m[36m_app/immutable/chunks/K-I9G1Op.js       [39m[1m[2m 1.49 kB[22m[1m[22m[2m │ gzip:  0.66 kB[22m
[2m.svelte-kit/output/client/[22m[36m_app/immutable/chunks/B8H2yG54.js       [39m[1m[2m 5.81 kB[22m[1m[22m[2m │ gzip:  2.69 kB[22m
[2m.svelte-kit/output/client/[22m[36m_app/immutable/entry/app.Dc96lLUt.js    [39m[1m[2m 7.12 kB[22m[1m[22m[2m │ gzip:  3.31 kB[22m
[2m.svelte-kit/output/client/[22m[36m_app/immutable/chunks/CpvLyKOu.js       [39m[1m[2m22.86 kB[22m[1m[22m[2m │ gzip:  9.00 kB[22m
[2m.svelte-kit/output/client/[22m[36m_app/immutable/chunks/BC_TvDf2.js       [39m[1m[2m26.36 kB[22m[1m[22m[2m │ gzip: 10.36 kB[22m
[32m✓ built in 818ms[39m
[2m.svelte-kit/output/server/[22m[32m.vite/manifest.json                 [39m[1m[2m  2.43 kB[22m[1m[22m
[2m.svelte-kit/output/server/[22m[36mentries/fallbacks/layout.svelte.js  [39m[1m[2m  0.17 kB[22m[1m[22m
[2m.svelte-kit/output/server/[22m[36minternal.js                         [39m[1m[2m  0.33 kB[22m[1m[22m
[2m.svelte-kit/output/server/[22m[36mentries/pages/_page.svelte.js       [39m[1m[2m  0.34 kB[22m[1m[22m
[2m.svelte-kit/output/server/[22m[36mchunks/environment.js               [39m[1m[2m  0.66 kB[22m[1m[22m
[2m.svelte-kit/output/server/[22m[36mchunks/utils.js                     [39m[1m[2m  1.15 kB[22m[1m[22m
[2m.svelte-kit/output/server/[22m[36mentries/fallbacks/error.svelte.js   [39m[1m[2m  1.35 kB[22m[1m[22m
[2m.svelte-kit/output/server/[22m[36mchunks/context.js                   [39m[1m[2m  3.06 kB[22m[1m[22m
[2m.svelte-kit/output/server/[22m[36mchunks/exports.js                   [39m[1m[2m  6.99 kB[22m[1m[22m
[2m.svelte-kit/output/server/[22m[36mremote-entry.js                     [39m[1m[2m 18.99 kB[22m[1m[22m
[2m.svelte-kit/output/server/[22m[36mchunks/shared.js                    [39m[1m[2m 27.07 kB[22m[1m[22m
[2m.svelte-kit/output/server/[22m[36mchunks/internal.js                  [39m[1m[2m116.92 kB[22m[1m[22m
[2m.svelte-kit/output/server/[22m[36mindex.js                            [39m[1m[2m125.71 kB[22m[1m[22m
[32m✓ built in 2.84s[39m

Run npm run preview to preview your production build locally.

> Using @sveltejs/adapter-auto
  Could not detect a supported production environment. See https://svelte.dev/docs/kit/adapters to learn how to configure your app to run on the platform of your choosing
  ✔ done
$ svelte-kit sync && svelte-package && publint
src\lib -> dist
Running [1mpublint v0.3.18[22m for [1mnovel[22m...
Packing files with `bun pack`...
Linting...
[1m[32mAll good![39m[22m
